******************************************************************************
                  TI ARM Linker PC v20.2.7                     
******************************************************************************
>> Linked Wed Feb  8 20:58:54 2023

OUTPUT FILE NAME:   <Lab1a.out>
ENTRY POINT SYMBOL: "_c_int00_noinit_noargs"  address: 00000721


MEMORY CONFIGURATION

         name            origin    length      used     unused   attr    fill
----------------------  --------  ---------  --------  --------  ----  --------
  FLASH                 00000000   00040000  000007a4  0003f85c  R  X
  SRAM                  20000000   00008000  00000200  00007e00  RW X


SEGMENT ALLOCATION MAP

run origin  load origin   length   init length attrs members
----------  ----------- ---------- ----------- ----- -------
00000000    00000000    000007a4   000007a4    r-x
  00000000    00000000    0000026c   0000026c    r-- .intvecs
  0000026c    0000026c    00000538   00000538    r-x .text
20000000    20000000    00000200   00000000    rw-
  20000000    20000000    00000200   00000000    rw- .stack


SECTION ALLOCATION MAP

 output                                  attributes/
section   page    origin      length       input sections
--------  ----  ----------  ----------   ----------------
.intvecs   0    00000000    0000026c     
                  00000000    0000026c     startup_ccs.obj (.intvecs)

.text      0    0000026c    00000538     
                  0000026c    0000016c     driverlib.lib : gpio.obj (.text:GPIOPadConfigSet)
                  000003d8    00000136     rtsv7M4_T_le_v4SPD16_eabi.lib : fd_div_t2.asm.obj (.text)
                  0000050e    00000002     startup_ccs.obj (.text:FaultISR)
                  00000510    000000a0     blinky.obj (.text:blink)
                  000005b0    00000058     blinky.obj (.text:main)
                  00000608    00000048     rtsv7M4_T_le_v4SPD16_eabi.lib : fd_toi_t2.asm.obj (.text)
                  00000650    00000038     driverlib.lib : sysctl.obj (.text:SysCtlPeripheralReady)
                  00000688    00000038     rtsv7M4_T_le_v4SPD16_eabi.lib : fs_tod_t2.asm.obj (.text)
                  000006c0    00000034     driverlib.lib : sysctl.obj (.text:SysCtlPeripheralEnable)
                  000006f4    0000002c                   : gpio.obj (.text:GPIODirModeSet)
                  00000720    0000002c     rtsv7M4_T_le_v4SPD16_eabi.lib : boot_cortex_m.c.obj (.text:_c_int00_noinit_noargs:_c_int00_noinit_noargs)
                  0000074c    00000020     blinky.obj (.text:delay)
                  0000076c    0000001a     driverlib.lib : gpio.obj (.text:GPIOPinTypeGPIOOutput)
                  00000786    00000006                   : gpio.obj (.text:GPIOPinWrite)
                  0000078c    00000006     startup_ccs.obj (.text:ResetISR)
                  00000792    00000006     driverlib.lib : sysctl.obj (.text:SysCtlDelay)
                  00000798    00000004     rtsv7M4_T_le_v4SPD16_eabi.lib : pre_init.c.obj (.text:_system_pre_init)
                  0000079c    00000004                                   : exit.c.obj (.text:abort:abort)
                  000007a0    00000002     startup_ccs.obj (.text:IntDefaultHandler)
                  000007a2    00000002     startup_ccs.obj (.text:NmiSR)

.cinit     0    00000000    00000000     UNINITIALIZED

.init_array 
*          0    00000000    00000000     UNINITIALIZED

.stack     0    20000000    00000200     UNINITIALIZED
                  20000000    00000004     rtsv7M4_T_le_v4SPD16_eabi.lib : boot_cortex_m.c.obj (.stack)
                  20000004    000001fc     --HOLE--

__llvm_prf_cnts 
*          0    20000000    00000000     UNINITIALIZED

.binit     0    00000000    00000000     

MODULE SUMMARY

       Module                code   ro data   rw data
       ------                ----   -------   -------
    .\
       startup_ccs.obj       12     620       0      
       blinky.obj            280    0         0      
    +--+---------------------+------+---------+---------+
       Total:                292    620       0      
                                                     
    C:/ti/TivaWare_C_Series-2.2.0.295/driverlib/ccs/Debug/driverlib.lib
       gpio.obj              440    0         0      
       sysctl.obj            114    0         0      
    +--+---------------------+------+---------+---------+
       Total:                554    0         0      
                                                     
    C:\ti\ccs1210\ccs\tools\compiler\ti-cgt-arm_20.2.7.LTS\lib\rtsv7M4_T_le_v4SPD16_eabi.lib
       fd_div_t2.asm.obj     310    0         0      
       fd_toi_t2.asm.obj     72     0         0      
       fs_tod_t2.asm.obj     56     0         0      
       boot_cortex_m.c.obj   44     0         0      
       exit.c.obj            4      0         0      
       pre_init.c.obj        4      0         0      
    +--+---------------------+------+---------+---------+
       Total:                490    0         0      
                                                     
       Stack:                0      0         512    
    +--+---------------------+------+---------+---------+
       Grand Total:          1336   620       512    


GLOBAL SYMBOLS: SORTED ALPHABETICALLY BY Name 

address   name                   
-------   ----                   
0000079d  C$$EXIT                
000006f5  GPIODirModeSet         
0000026d  GPIOPadConfigSet       
0000076d  GPIOPinTypeGPIOOutput  
00000787  GPIOPinWrite           
0000078d  ResetISR               
00000793  SysCtlDelay            
000006c1  SysCtlPeripheralEnable 
00000651  SysCtlPeripheralReady  
20000200  __STACK_END            
00000200  __STACK_SIZE           
20000200  __STACK_TOP            
ffffffff  __TI_pprof_out_hndl    
ffffffff  __TI_prof_data_size    
ffffffff  __TI_prof_data_start   
00000000  __TI_static_base__     
00000609  __aeabi_d2iz           
000003d9  __aeabi_ddiv           
00000689  __aeabi_f2d            
ffffffff  __binit__              
ffffffff  __c_args__             
UNDEFED   __mpu_init             
20000000  __stack                
20000000  __start___llvm_prf_cnts
20000000  __stop___llvm_prf_cnts 
00000721  _c_int00_noinit_noargs 
00000799  _system_pre_init       
0000079d  abort                  
ffffffff  binit                  
00000511  blink                  
0000074d  delay                  
00000000  g_pfnVectors           
000005b1  main                   


GLOBAL SYMBOLS: SORTED BY Symbol Address 

address   name                   
-------   ----                   
00000000  __TI_static_base__     
00000000  g_pfnVectors           
00000200  __STACK_SIZE           
0000026d  GPIOPadConfigSet       
000003d9  __aeabi_ddiv           
00000511  blink                  
000005b1  main                   
00000609  __aeabi_d2iz           
00000651  SysCtlPeripheralReady  
00000689  __aeabi_f2d            
000006c1  SysCtlPeripheralEnable 
000006f5  GPIODirModeSet         
00000721  _c_int00_noinit_noargs 
0000074d  delay                  
0000076d  GPIOPinTypeGPIOOutput  
00000787  GPIOPinWrite           
0000078d  ResetISR               
00000793  SysCtlDelay            
00000799  _system_pre_init       
0000079d  C$$EXIT                
0000079d  abort                  
20000000  __stack                
20000000  __start___llvm_prf_cnts
20000000  __stop___llvm_prf_cnts 
20000200  __STACK_END            
20000200  __STACK_TOP            
ffffffff  __TI_pprof_out_hndl    
ffffffff  __TI_prof_data_size    
ffffffff  __TI_prof_data_start   
ffffffff  __binit__              
ffffffff  __c_args__             
ffffffff  binit                  
UNDEFED   __mpu_init             

[33 symbols]
